{
  "glyphs": [
    {
      "uid": "c64623255a4a7c72436b199b05296c4f",
      "css": "emo-happy",
      "code": 59392,
      "src": "fontelico"
    },
    {
      "uid": "1ba44825e5f10920b4e3f1d0c73f79a2",
      "css": "emo-wink",
      "code": 59393,
      "src": "fontelico"
    },
    {
      "uid": "142263941b9f4cd4b2b84f1f4cd13b1d",
      "css": "emo-thumbsup",
      "code": 59394,
      "src": "fontelico"
    }
  ]
}